// Jest Snapshot v1, https://goo.gl/fbAQLP

exports[`Chat page loads with default state 1`] = `
<div
  className="chat"
>
  <div
    className="header"
  >
    <img
      alt=""
      src="https://iili.io/fi0ROQ.png"
      style={
        Object {
          "width": "auto",
        }
      }
    />
    <h4>
      
    </h4>
    <button
      className="logout-button"
      onClick={[Function]}
    >
      Logout
    </button>
    <button
      className="dropdown-button"
      onClick={[Function]}
    >
      <img
        alt="menu"
        src="test-file-stub"
      />
    </button>
  </div>
  <div
    className="chat-body"
  >
    <div
      className="sidebar"
    >
      <div
        className="sidebar-header"
      >
         
        <div
          className="active"
        >
           
          <p>
            Messages
          </p>
        </div>
      </div>
      <div
        className="sidebar-body"
      >
        <ul />
      </div>
      <div />
    </div>
    <div
      className="message"
    >
      <div
        className="chats"
      >
        <h2
          className="no-chat"
        >
          No chat selected
        </h2>
      </div>
    </div>
  </div>
</div>
`;
